// Jest Snapshot v1, https://goo.gl/fbAQLP

exports[`renders 1`] = `
Array [
  <View
    style={
      Array [
        Object {
          "backgroundColor": "#fff",
          "flex": 1,
          "height": 1334,
        },
        Object {
          "backgroundColor": "#fff",
          "flex": 1,
          "paddingTop": 25,
        },
      ]
    }
  >
    <View
      style={
        Object {
          "backgroundColor": "#fff",
          "flex": 1,
          "height": 1334,
        }
      }
    >
      <ScrollView
        automaticallyAdjustContentInsets={false}
        contentContainerStyle={
          Array [
            Object {
              "padding": undefined,
            },
            undefined,
          ]
        }
        contentInset={
          Object {
            "bottom": 0,
          }
        }
        enableAutomaticScroll={true}
        enableOnAndroid={false}
        enableResetScrollToCoords={true}
        extraHeight={75}
        extraScrollHeight={0}
        keyboardDismissMode="interactive"
        keyboardOpeningTime={250}
        keyboardShouldPersistTaps="handled"
        keyboardSpace={0}
        resetScrollToCoords={
          Object {
            "x": 0,
            "y": 0,
          }
        }
        scrollEventThrottle={1}
        showsVerticalScrollIndicator={true}
        style={
          Object {
            "backgroundColor": "transparent",
            "flex": 1,
          }
        }
        viewIsInsideTabBar={false}
      >
        <View
          style={Object {}}
        >
          <View
            bordered={true}
            style={
              Object {
                "backgroundColor": "#F0EFF5",
                "borderBottomWidth": 0.5,
                "borderColor": "#c9c9c9",
                "borderTopWidth": 0.5,
                "flex": 1,
                "height": 35,
                "justifyContent": "center",
                "paddingBottom": 10,
                "paddingLeft": 15,
                "paddingTop": 12,
              }
            }
          >
            <Text
              style={
                Object {
                  "color": "#777",
                  "fontFamily": "System",
                  "fontSize": 12,
                }
              }
              uppercase={false}
            >
              Application
            </Text>
          </View>
          <
            underlayColor="#DDD"
          >
            <View
              style={
                Object {
                  "alignItems": "center",
                  "backgroundColor": "transparent",
                  "borderBottomWidth": 0.5,
                  "borderColor": "#c9c9c9",
                  "flexDirection": "row",
                  "marginLeft": 16,
                  "paddingBottom": 13,
                  "paddingRight": 16,
                  "paddingTop": 13,
                }
              }
            >
              <Text
                style={
                  Object {
                    "alignSelf": "center",
                    "color": "#000",
                    "fontFamily": "System",
                    "fontSize": 16,
                  }
                }
                uppercase={false}
              >
                Created in 2018 - 2020
              </Text>
            </View>
          </>
          <
            underlayColor="#DDD"
          >
            <View
              style={
                Object {
                  "alignItems": "center",
                  "backgroundColor": "transparent",
                  "borderBottomWidth": 0.5,
                  "borderColor": "#c9c9c9",
                  "flexDirection": "row",
                  "marginLeft": 16,
                  "paddingBottom": 13,
                  "paddingRight": 16,
                  "paddingTop": 13,
                }
              }
            >
              <Text
                style={
                  Object {
                    "alignSelf": "center",
                    "color": "#000",
                    "fontFamily": "System",
                    "fontSize": 16,
                  }
                }
                uppercase={false}
              >
                Version unknown
              </Text>
            </View>
          </>
          <
            underlayColor="#DDD"
          >
            <View
              style={
                Object {
                  "alignItems": "center",
                  "backgroundColor": "transparent",
                  "borderBottomWidth": 0.5,
                  "borderColor": "#c9c9c9",
                  "flexDirection": "row",
                  "marginLeft": 16,
                  "paddingBottom": 13,
                  "paddingRight": 16,
                  "paddingTop": 13,
                }
              }
            >
              <View
                style={
                  Array [
                    Object {
                      "alignItems": "flex-start",
                      "alignSelf": "center",
                      "flex": 1,
                      "flexDirection": "row",
                    },
                    Object {
                      "flex": 1,
                    },
                  ]
                }
              >
                <Text
                  allowFontScaling={false}
                  style={
                    Array [
                      Object {
                        "color": undefined,
                        "fontSize": 12,
                      },
                      Array [
                        Object {
                          "color": "#000",
                          "fontSize": 30,
                        },
                        Object {
                          "color": "#000",
                          "fontSize": 20,
                          "width": 20,
                        },
                      ],
                      Object {
                        "fontFamily": "Ionicons",
                        "fontStyle": "normal",
                        "fontWeight": "normal",
                      },
                      Object {},
                    ]
                  }
                >
                  
                </Text>
              </View>
              <Text
                style={
                  Array [
                    Object {
                      "alignSelf": "center",
                      "color": "#000",
                      "fontFamily": "System",
                      "fontSize": 16,
                    },
                    Object {
                      "flex": 4,
                    },
                  ]
                }
                uppercase={false}
              >
                Project's GitHub
              </Text>
            </View>
          </>
          <View
            bordered={true}
            style={
              Object {
                "backgroundColor": "#F0EFF5",
                "borderBottomWidth": 0.5,
                "borderColor": "#c9c9c9",
                "borderTopWidth": 0.5,
                "flex": 1,
                "height": 35,
                "justifyContent": "center",
                "paddingBottom": 10,
                "paddingLeft": 15,
                "paddingTop": 12,
              }
            }
          >
            <Text
              style={
                Object {
                  "color": "#777",
                  "fontFamily": "System",
                  "fontSize": 12,
                }
              }
              uppercase={false}
            >
              Author
            </Text>
          </View>
          <
            underlayColor="#DDD"
          >
            <View
              style={
                Object {
                  "alignItems": "center",
                  "backgroundColor": "transparent",
                  "borderBottomWidth": 0.5,
                  "borderColor": "#c9c9c9",
                  "flexDirection": "row",
                  "marginLeft": 16,
                  "paddingBottom": 13,
                  "paddingRight": 16,
                  "paddingTop": 13,
                }
              }
            >
              <View
                style={
                  Array [
                    Object {
                      "alignItems": "flex-start",
                      "alignSelf": "center",
                      "flex": 1,
                      "flexDirection": "row",
                    },
                    Object {
                      "flex": 1,
                    },
                  ]
                }
              >
                <Image
                  source={
                    Object {
                      "uri": "https://avatars1.githubusercontent.com/u/25478895",
                    }
                  }
                  style={
                    Object {
                      "borderRadius": 28,
                      "height": 56,
                      "width": 56,
                    }
                  }
                />
              </View>
              <View
                style={
                  Array [
                    Object {
                      "alignItems": null,
                      "alignSelf": null,
                      "flex": 1,
                    },
                    Object {
                      "flex": 4,
                    },
                  ]
                }
              >
                <Text
                  style={
                    Object {
                      "color": "#000",
                      "fontFamily": "System",
                      "fontSize": 16,
                      "marginLeft": 10,
                      "marginRight": 10,
                    }
                  }
                  uppercase={false}
                >
                  sebranly
                </Text>
                <Text
                  note={true}
                  style={
                    Object {
                      "color": "#808080",
                      "fontFamily": "System",
                      "fontSize": 14,
                      "fontWeight": "200",
                      "marginLeft": 10,
                      "marginRight": 10,
                    }
                  }
                  uppercase={false}
                >
                  Developer/Tester
                </Text>
              </View>
            </View>
          </>
          <View
            bordered={true}
            style={
              Object {
                "backgroundColor": "#F0EFF5",
                "borderBottomWidth": 0.5,
                "borderColor": "#c9c9c9",
                "borderTopWidth": 0.5,
                "flex": 1,
                "height": 35,
                "justifyContent": "center",
                "paddingBottom": 10,
                "paddingLeft": 15,
                "paddingTop": 12,
              }
            }
          >
            <Text
              style={
                Object {
                  "color": "#777",
                  "fontFamily": "System",
                  "fontSize": 12,
                }
              }
              uppercase={false}
            >
              Libraries used
            </Text>
          </View>
          <
            underlayColor="#DDD"
          >
            <View
              style={
                Object {
                  "alignItems": "center",
                  "backgroundColor": "transparent",
                  "borderBottomWidth": 0.5,
                  "borderColor": "#c9c9c9",
                  "flexDirection": "row",
                  "marginLeft": 16,
                  "paddingBottom": 13,
                  "paddingRight": 16,
                  "paddingTop": 13,
                }
              }
            >
              <Text
                style={
                  Object {
                    "alignSelf": "center",
                    "color": "#000",
                    "fontFamily": "System",
                    "fontSize": 16,
                  }
                }
                uppercase={false}
              >
                @testing-library/react-native
              </Text>
            </View>
          </>
          <
            underlayColor="#DDD"
          >
            <View
              style={
                Object {
                  "alignItems": "center",
                  "backgroundColor": "transparent",
                  "borderBottomWidth": 0.5,
                  "borderColor": "#c9c9c9",
                  "flexDirection": "row",
                  "marginLeft": 16,
                  "paddingBottom": 13,
                  "paddingRight": 16,
                  "paddingTop": 13,
                }
              }
            >
              <Text
                style={
                  Object {
                    "alignSelf": "center",
                    "color": "#000",
                    "fontFamily": "System",
                    "fontSize": 16,
                  }
                }
                uppercase={false}
              >
                emoji-from-text
              </Text>
            </View>
          </>
          <
            underlayColor="#DDD"
          >
            <View
              style={
                Object {
                  "alignItems": "center",
                  "backgroundColor": "transparent",
                  "borderBottomWidth": 0.5,
                  "borderColor": "#c9c9c9",
                  "flexDirection": "row",
                  "marginLeft": 16,
                  "paddingBottom": 13,
                  "paddingRight": 16,
                  "paddingTop": 13,
                }
              }
            >
              <Text
                style={
                  Object {
                    "alignSelf": "center",
                    "color": "#000",
                    "fontFamily": "System",
                    "fontSize": 16,
                  }
                }
                uppercase={false}
              >
                native-base
              </Text>
            </View>
          </>
          <
            underlayColor="#DDD"
          >
            <View
              style={
                Object {
                  "alignItems": "center",
                  "backgroundColor": "transparent",
                  "borderBottomWidth": 0.5,
                  "borderColor": "#c9c9c9",
                  "flexDirection": "row",
                  "marginLeft": 16,
                  "paddingBottom": 13,
                  "paddingRight": 16,
                  "paddingTop": 13,
                }
              }
            >
              <Text
                style={
                  Object {
                    "alignSelf": "center",
                    "color": "#000",
                    "fontFamily": "System",
                    "fontSize": 16,
                  }
                }
                uppercase={false}
              >
                node-emoji
              </Text>
            </View>
          </>
          <
            underlayColor="#DDD"
          >
            <View
              style={
                Object {
                  "alignItems": "center",
                  "backgroundColor": "transparent",
                  "borderBottomWidth": 0.5,
                  "borderColor": "#c9c9c9",
                  "flexDirection": "row",
                  "marginLeft": 16,
                  "paddingBottom": 13,
                  "paddingRight": 16,
                  "paddingTop": 13,
                }
              }
            >
              <Text
                style={
                  Object {
                    "alignSelf": "center",
                    "color": "#000",
                    "fontFamily": "System",
                    "fontSize": 16,
                  }
                }
                uppercase={false}
              >
                react-native
              </Text>
            </View>
          </>
          <
            underlayColor="#DDD"
          >
            <View
              style={
                Object {
                  "alignItems": "center",
                  "backgroundColor": "transparent",
                  "borderBottomWidth": 0.5,
                  "borderColor": "#c9c9c9",
                  "flexDirection": "row",
                  "marginLeft": 16,
                  "paddingBottom": 13,
                  "paddingRight": 16,
                  "paddingTop": 13,
                }
              }
            >
              <Text
                style={
                  Object {
                    "alignSelf": "center",
                    "color": "#000",
                    "fontFamily": "System",
                    "fontSize": 16,
                  }
                }
                uppercase={false}
              >
                react-native-easy-grid
              </Text>
            </View>
          </>
        </View>
      </ScrollView>
    </View>
    <View
      style={
        Object {
          "backgroundColor": "#F8F8F8",
          "borderColor": "#cbcbcb",
          "borderTopWidth": 0.5,
          "elevation": 3,
          "flexDirection": "row",
          "height": 55,
          "justifyContent": "center",
          "left": 0,
          "paddingBottom": 0,
          "right": 0,
        }
      }
    >
      <View
        style={
          Object {
            "alignSelf": "stretch",
            "backgroundColor": undefined,
            "flex": 1,
            "flexDirection": "row",
            "justifyContent": "space-between",
          }
        }
      >
        <
          active={false}
          activeOpacity={0.5}
          style={
            Object {
              "alignItems": "center",
              "alignSelf": "center",
              "backgroundColor": "transparent",
              "borderBottomWidth": null,
              "borderColor": null,
              "borderLeftWidth": null,
              "borderRadius": 5,
              "borderRightWidth": null,
              "borderTopWidth": null,
              "borderWidth": undefined,
              "elevation": 0,
              "flex": 1,
              "flexDirection": "column",
              "height": null,
              "justifyContent": "center",
              "paddingBottom": 6,
              "paddingTop": 6,
              "shadowColor": null,
              "shadowOffset": null,
              "shadowOpacity": null,
              "shadowRadius": null,
            }
          }
          vertical={true}
        >
          <Text
            allowFontScaling={false}
            style={
              Array [
                Object {
                  "color": undefined,
                  "fontSize": 12,
                },
                Array [
                  Object {
                    "color": "#000",
                    "fontSize": 30,
                  },
                  Object {
                    "color": "#6b6b6b",
                    "fontSize": 24,
                    "marginLeft": 16,
                    "marginRight": 16,
                    "paddingTop": 2,
                  },
                ],
                Object {
                  "fontFamily": "Ionicons",
                  "fontStyle": "normal",
                  "fontWeight": "normal",
                },
                Object {},
              ]
            }
          >
            
          </Text>
          <Text
            style={
              Object {
                "backgroundColor": "transparent",
                "color": "#6b6b6b",
                "fontFamily": "System",
                "fontSize": 14,
                "lineHeight": 16,
                "marginLeft": 0,
                "marginRight": 0,
                "paddingLeft": 16,
                "paddingRight": 16,
              }
            }
            uppercase={false}
          >
            Explore
          </Text>
        </>
        <
          active={false}
          activeOpacity={0.5}
          style={
            Object {
              "alignItems": "center",
              "alignSelf": "center",
              "backgroundColor": "transparent",
              "borderBottomWidth": null,
              "borderColor": null,
              "borderLeftWidth": null,
              "borderRadius": 5,
              "borderRightWidth": null,
              "borderTopWidth": null,
              "borderWidth": undefined,
              "elevation": 0,
              "flex": 1,
              "flexDirection": "column",
              "height": null,
              "justifyContent": "center",
              "paddingBottom": 6,
              "paddingTop": 6,
              "shadowColor": null,
              "shadowOffset": null,
              "shadowOpacity": null,
              "shadowRadius": null,
            }
          }
          vertical={true}
        >
          <Text
            allowFontScaling={false}
            style={
              Array [
                Object {
                  "color": undefined,
                  "fontSize": 12,
                },
                Array [
                  Object {
                    "color": "#000",
                    "fontSize": 30,
                  },
                  Object {
                    "color": "#6b6b6b",
                    "fontSize": 24,
                    "marginLeft": 16,
                    "marginRight": 16,
                    "paddingTop": 2,
                  },
                ],
                Object {
                  "fontFamily": "Ionicons",
                  "fontStyle": "normal",
                  "fontWeight": "normal",
                },
                Object {},
              ]
            }
          >
            
          </Text>
          <Text
            style={
              Object {
                "backgroundColor": "transparent",
                "color": "#6b6b6b",
                "fontFamily": "System",
                "fontSize": 14,
                "lineHeight": 16,
                "marginLeft": 0,
                "marginRight": 0,
                "paddingLeft": 16,
                "paddingRight": 16,
              }
            }
            uppercase={false}
          >
            Play
          </Text>
        </>
        <
          active={true}
          activeOpacity={0.5}
          style={
            Object {
              "alignItems": "center",
              "alignSelf": "center",
              "backgroundColor": "#cde1f9",
              "borderBottomWidth": null,
              "borderColor": null,
              "borderLeftWidth": null,
              "borderRadius": 5,
              "borderRightWidth": null,
              "borderTopWidth": null,
              "borderWidth": undefined,
              "elevation": 0,
              "flex": 1,
              "flexDirection": "column",
              "height": null,
              "justifyContent": "center",
              "paddingBottom": 6,
              "paddingTop": 6,
              "shadowColor": null,
              "shadowOffset": null,
              "shadowOpacity": null,
              "shadowRadius": null,
            }
          }
          vertical={true}
        >
          <Text
            allowFontScaling={false}
            style={
              Array [
                Object {
                  "color": undefined,
                  "fontSize": 12,
                },
                Array [
                  Object {
                    "color": "#000",
                    "fontSize": 30,
                  },
                  Object {
                    "color": "#007aff",
                    "fontSize": 24,
                    "marginLeft": 16,
                    "marginRight": 16,
                    "paddingTop": 2,
                  },
                ],
                Object {
                  "fontFamily": "Ionicons",
                  "fontStyle": "normal",
                  "fontWeight": "normal",
                },
                Object {},
              ]
            }
          >
            
          </Text>
          <Text
            style={
              Object {
                "backgroundColor": "transparent",
                "color": "#007aff",
                "fontFamily": "System",
                "fontSize": 14,
                "lineHeight": 16,
                "marginLeft": 0,
                "marginRight": 0,
                "paddingLeft": 16,
                "paddingRight": 16,
              }
            }
            uppercase={false}
          >
            About
          </Text>
        </>
      </View>
    </View>
  </View>,
]
`;
