// Jest Snapshot v1, https://goo.gl/fbAQLP

exports[`renders 1`] = `
Array [
  <View
    style={
      Object {
        "backgroundColor": "#fff",
        "flex": 1,
        "height": 1334,
      }
    }
  >
    <ScrollView
      automaticallyAdjustContentInsets={false}
      contentContainerStyle={
        Array [
          Object {
            "padding": undefined,
          },
          undefined,
        ]
      }
      contentInset={
        Object {
          "bottom": 0,
        }
      }
      enableAutomaticScroll={true}
      enableOnAndroid={false}
      enableResetScrollToCoords={true}
      extraHeight={75}
      extraScrollHeight={0}
      keyboardDismissMode="interactive"
      keyboardOpeningTime={250}
      keyboardShouldPersistTaps="handled"
      keyboardSpace={0}
      resetScrollToCoords={
        Object {
          "x": 0,
          "y": 0,
        }
      }
      scrollEventThrottle={1}
      showsVerticalScrollIndicator={true}
      style={
        Object {
          "backgroundColor": "transparent",
          "flex": 1,
        }
      }
      viewIsInsideTabBar={false}
    >
      <View
        style={Object {}}
      >
        <View
          bordered={true}
          style={
            Object {
              "backgroundColor": "#F0EFF5",
              "borderBottomWidth": 0.5,
              "borderColor": "#c9c9c9",
              "borderTopWidth": 0.5,
              "flex": 1,
              "height": 35,
              "justifyContent": "center",
              "paddingBottom": 10,
              "paddingLeft": 15,
              "paddingTop": 12,
            }
          }
        >
          <Text
            style={
              Object {
                "color": "#777",
                "fontFamily": "System",
                "fontSize": 12,
              }
            }
            uppercase={false}
          >
            Application
          </Text>
        </View>
        <TouchableHighlight
          activeOpacity={0.85}
          delayPressOut={100}
          underlayColor="#DDD"
        >
          <View
            style={
              Object {
                "alignItems": "center",
                "backgroundColor": "transparent",
                "borderBottomWidth": 0.5,
                "borderColor": "#c9c9c9",
                "flexDirection": "row",
                "marginLeft": 16,
                "paddingBottom": 13,
                "paddingRight": 16,
                "paddingTop": 13,
              }
            }
          >
            <Text
              style={
                Object {
                  "alignSelf": "center",
                  "color": "#000",
                  "fontFamily": "System",
                  "fontSize": 16,
                }
              }
              uppercase={false}
            >
              Created in 2018 - 2020
            </Text>
          </View>
        </TouchableHighlight>
        <TouchableHighlight
          activeOpacity={0.85}
          delayPressOut={100}
          underlayColor="#DDD"
        >
          <View
            style={
              Object {
                "alignItems": "center",
                "backgroundColor": "transparent",
                "borderBottomWidth": 0.5,
                "borderColor": "#c9c9c9",
                "flexDirection": "row",
                "marginLeft": 16,
                "paddingBottom": 13,
                "paddingRight": 16,
                "paddingTop": 13,
              }
            }
          >
            <Text
              style={
                Object {
                  "alignSelf": "center",
                  "color": "#000",
                  "fontFamily": "System",
                  "fontSize": 16,
                }
              }
              uppercase={false}
            >
              Version 1.0.0
            </Text>
          </View>
        </TouchableHighlight>
        <TouchableHighlight
          activeOpacity={0.85}
          delayPressOut={100}
          underlayColor="#DDD"
        >
          <View
            style={
              Object {
                "alignItems": "center",
                "backgroundColor": "transparent",
                "borderBottomWidth": 0.5,
                "borderColor": "#c9c9c9",
                "flexDirection": "row",
                "marginLeft": 16,
                "paddingBottom": 13,
                "paddingRight": 16,
                "paddingTop": 13,
              }
            }
          >
            <Text
              style={
                Array [
                  Object {
                    "alignSelf": "center",
                    "color": "#000",
                    "fontFamily": "System",
                    "fontSize": 16,
                  },
                  Object {
                    "flex": 4,
                  },
                ]
              }
              uppercase={false}
            >
              Project's GitHub
            </Text>
          </View>
        </TouchableHighlight>
        <View
          bordered={true}
          style={
            Object {
              "backgroundColor": "#F0EFF5",
              "borderBottomWidth": 0.5,
              "borderColor": "#c9c9c9",
              "borderTopWidth": 0.5,
              "flex": 1,
              "height": 35,
              "justifyContent": "center",
              "paddingBottom": 10,
              "paddingLeft": 15,
              "paddingTop": 12,
            }
          }
        >
          <Text
            style={
              Object {
                "color": "#777",
                "fontFamily": "System",
                "fontSize": 12,
              }
            }
            uppercase={false}
          >
            Author
          </Text>
        </View>
        <TouchableHighlight
          activeOpacity={0.85}
          delayPressOut={100}
          underlayColor="#DDD"
        >
          <View
            style={
              Object {
                "alignItems": "center",
                "backgroundColor": "transparent",
                "borderBottomWidth": 0.5,
                "borderColor": "#c9c9c9",
                "flexDirection": "row",
                "marginLeft": 16,
                "paddingBottom": 13,
                "paddingRight": 16,
                "paddingTop": 13,
              }
            }
          >
            <View
              style={
                Array [
                  Object {
                    "alignItems": "flex-start",
                    "alignSelf": "center",
                    "flex": 1,
                    "flexDirection": "row",
                  },
                  Object {
                    "flex": 1,
                  },
                ]
              }
            >
              <Image
                source={
                  Object {
                    "uri": "https://avatars1.githubusercontent.com/u/25478895",
                  }
                }
                style={
                  Object {
                    "borderRadius": 28,
                    "height": 56,
                    "width": 56,
                  }
                }
              />
            </View>
            <View
              style={
                Array [
                  Object {
                    "alignItems": null,
                    "alignSelf": null,
                    "flex": 1,
                  },
                  Object {
                    "flex": 4,
                  },
                ]
              }
            >
              <Text
                style={
                  Object {
                    "color": "#000",
                    "fontFamily": "System",
                    "fontSize": 16,
                    "marginLeft": 10,
                    "marginRight": 10,
                  }
                }
                uppercase={false}
              >
                sebranly
              </Text>
              <Text
                note={true}
                style={
                  Object {
                    "color": "#808080",
                    "fontFamily": "System",
                    "fontSize": 14,
                    "fontWeight": "200",
                    "marginLeft": 10,
                    "marginRight": 10,
                  }
                }
                uppercase={false}
              >
                Developer/Tester
              </Text>
            </View>
          </View>
        </TouchableHighlight>
        <View
          bordered={true}
          style={
            Object {
              "backgroundColor": "#F0EFF5",
              "borderBottomWidth": 0.5,
              "borderColor": "#c9c9c9",
              "borderTopWidth": 0.5,
              "flex": 1,
              "height": 35,
              "justifyContent": "center",
              "paddingBottom": 10,
              "paddingLeft": 15,
              "paddingTop": 12,
            }
          }
        >
          <Text
            style={
              Object {
                "color": "#777",
                "fontFamily": "System",
                "fontSize": 12,
              }
            }
            uppercase={false}
          >
            Libraries used
          </Text>
        </View>
        <TouchableHighlight
          activeOpacity={0.85}
          delayPressOut={100}
          underlayColor="#DDD"
        >
          <View
            style={
              Object {
                "alignItems": "center",
                "backgroundColor": "transparent",
                "borderBottomWidth": 0.5,
                "borderColor": "#c9c9c9",
                "flexDirection": "row",
                "marginLeft": 16,
                "paddingBottom": 13,
                "paddingRight": 16,
                "paddingTop": 13,
              }
            }
          >
            <Text
              style={
                Object {
                  "alignSelf": "center",
                  "color": "#000",
                  "fontFamily": "System",
                  "fontSize": 16,
                }
              }
              uppercase={false}
            >
              @testing-library/react-native
            </Text>
          </View>
        </TouchableHighlight>
        <TouchableHighlight
          activeOpacity={0.85}
          delayPressOut={100}
          underlayColor="#DDD"
        >
          <View
            style={
              Object {
                "alignItems": "center",
                "backgroundColor": "transparent",
                "borderBottomWidth": 0.5,
                "borderColor": "#c9c9c9",
                "flexDirection": "row",
                "marginLeft": 16,
                "paddingBottom": 13,
                "paddingRight": 16,
                "paddingTop": 13,
              }
            }
          >
            <Text
              style={
                Object {
                  "alignSelf": "center",
                  "color": "#000",
                  "fontFamily": "System",
                  "fontSize": 16,
                }
              }
              uppercase={false}
            >
              emoji-from-text
            </Text>
          </View>
        </TouchableHighlight>
        <TouchableHighlight
          activeOpacity={0.85}
          delayPressOut={100}
          underlayColor="#DDD"
        >
          <View
            style={
              Object {
                "alignItems": "center",
                "backgroundColor": "transparent",
                "borderBottomWidth": 0.5,
                "borderColor": "#c9c9c9",
                "flexDirection": "row",
                "marginLeft": 16,
                "paddingBottom": 13,
                "paddingRight": 16,
                "paddingTop": 13,
              }
            }
          >
            <Text
              style={
                Object {
                  "alignSelf": "center",
                  "color": "#000",
                  "fontFamily": "System",
                  "fontSize": 16,
                }
              }
              uppercase={false}
            >
              native-base
            </Text>
          </View>
        </TouchableHighlight>
        <TouchableHighlight
          activeOpacity={0.85}
          delayPressOut={100}
          underlayColor="#DDD"
        >
          <View
            style={
              Object {
                "alignItems": "center",
                "backgroundColor": "transparent",
                "borderBottomWidth": 0.5,
                "borderColor": "#c9c9c9",
                "flexDirection": "row",
                "marginLeft": 16,
                "paddingBottom": 13,
                "paddingRight": 16,
                "paddingTop": 13,
              }
            }
          >
            <Text
              style={
                Object {
                  "alignSelf": "center",
                  "color": "#000",
                  "fontFamily": "System",
                  "fontSize": 16,
                }
              }
              uppercase={false}
            >
              node-emoji
            </Text>
          </View>
        </TouchableHighlight>
        <TouchableHighlight
          activeOpacity={0.85}
          delayPressOut={100}
          underlayColor="#DDD"
        >
          <View
            style={
              Object {
                "alignItems": "center",
                "backgroundColor": "transparent",
                "borderBottomWidth": 0.5,
                "borderColor": "#c9c9c9",
                "flexDirection": "row",
                "marginLeft": 16,
                "paddingBottom": 13,
                "paddingRight": 16,
                "paddingTop": 13,
              }
            }
          >
            <Text
              style={
                Object {
                  "alignSelf": "center",
                  "color": "#000",
                  "fontFamily": "System",
                  "fontSize": 16,
                }
              }
              uppercase={false}
            >
              react-native
            </Text>
          </View>
        </TouchableHighlight>
        <TouchableHighlight
          activeOpacity={0.85}
          delayPressOut={100}
          underlayColor="#DDD"
        >
          <View
            style={
              Object {
                "alignItems": "center",
                "backgroundColor": "transparent",
                "borderBottomWidth": 0.5,
                "borderColor": "#c9c9c9",
                "flexDirection": "row",
                "marginLeft": 16,
                "paddingBottom": 13,
                "paddingRight": 16,
                "paddingTop": 13,
              }
            }
          >
            <Text
              style={
                Object {
                  "alignSelf": "center",
                  "color": "#000",
                  "fontFamily": "System",
                  "fontSize": 16,
                }
              }
              uppercase={false}
            >
              react-native-easy-grid
            </Text>
          </View>
        </TouchableHighlight>
      </View>
    </ScrollView>
  </View>,
]
`;
